OUT:
interface javax.inject.Inject

ERR:
warning: running a script with 'kotlinc -script foo.kts' will not be supported soon. Please use the following command instead: 'kotlin foo.kts'

Return code: 0
